exports[`test App 1`] = `
<div>
  <div>
    <h1
      className={undefined}>
      
    </h1>
  </div>
  <ul
    className={undefined} />
</div>
`;
