exports[`test Title 1`] = `
<div>
  <h1
    className={undefined}>
    A Title
  </h1>
</div>
`;
